PS C:\Users\Dell\Desktop\GIT_BSCCSIT> git status
On branch main
Your branch is up to date with 'origin/main'.

PS C:\Users\Dell\Desktop\GIT_BSCCSIT> git checkout BSCCIT_Lab_Test
error: pathspec 'BSCCIT_Lab_Test' did not match any file(s) known to git
PS C:\Users\Dell\Desktop\GIT_BSCCSIT> git checkout BSCCSIT_Lab_Test
Switched to branch 'BSCCSIT_Lab_Test'
PS C:\Users\Dell\Desktop\GIT_BSCCSIT> git branch
  main
PS C:\Users\Dell\Desktop\GIT_BSCCSIT> git status
Untracked files:
  (use "git add <file>..." to include in what will be committed)

nothing added to commit but untracked files present (use "git add" to track)
PS C:\Users\Dell\Desktop\GIT_BSCCSIT> git commit -m "file created"
[BSCCSIT_Lab_Test c705a62] file created
 1 file changed, 1 insertion(+)
 create mode 100644 BSCCSIT_Lab_Answer.txt
PS C:\Users\Dell\Desktop\GIT_BSCCSIT> git status
Changes not staged for commit:
  (use "git add <file>..." to update what will be committed)
  (use "git restore <file>..." to discard changes in working directory)
        modified:   BSCCSIT_Lab_Answer.txt

no changes added to commit (use "git add" and/or "git commit -a")
PS C:\Users\Dell\Desktop\GIT_BSCCSIT> git add .\
PS C:\Users\Dell\Desktop\GIT_BSCCSIT> git status
On branch BSCCSIT_Lab_Test
Changes to be committed:
  (use "git restore --staged <file>..." to unstage)
        modified:   BSCCSIT_Lab_Answer.txt

PS C:\Users\Dell\Desktop\GIT_BSCCSIT> git commit -m "second commit on the file"
[BSCCSIT_Lab_Test 49e9b45] second commit on the file
 1 file changed, 3 insertions(+), 1 deletion(-)
PS C:\Users\Dell\Desktop\GIT_BSCCSIT> git branch
* BSCCSIT_Lab_Test
  main
PS C:\Users\Dell\Desktop\GIT_BSCCSIT> git checkout main
Switched to branch 'main'
Your branch is up to date with 'origin/main'.
PS C:\Users\Dell\Desktop\GIT_BSCCSIT> git merge  BSCCSIT_Lab_Test
Updating 0f398cb..49e9b45
Fast-forward
 BSCCSIT_Lab_Answer.txt | 3 +++
 1 file changed, 3 insertions(+)
 create mode 100644 BSCCSIT_Lab_Answer.txt
PS C:\Users\Dell\Desktop\GIT_BSCCSIT> git push
info: please complete authentication in your browser...
Enumerating objects: 7, done.
Counting objects: 100% (7/7), done.
Delta compression using up to 4 threads
Compressing objects: 100% (5/5), done.
Writing objects: 100% (6/6), 701 bytes | 175.00 KiB/s, done.
Total 6 (delta 0), reused 0 (delta 0), pack-reused 0
To https://github.com/rakoon1223/GIT_BSCCSIT.git
   0f398cb..49e9b45  main -> main